Archive member included to satisfy reference by file (symbol)

d:/lestoredownload/mounriverstudio/mounriver/mounriver_studio/toolchain/risc-v embedded gcc/bin/../lib/gcc/riscv-none-embed/8.2.0/rv32imacxw/ilp32\libgcc.a(addsf3.o)
                              ./User/main.o (__addsf3)
d:/lestoredownload/mounriverstudio/mounriver/mounriver_studio/toolchain/risc-v embedded gcc/bin/../lib/gcc/riscv-none-embed/8.2.0/rv32imacxw/ilp32\libgcc.a(divsf3.o)
                              ./User/main.o (__divsf3)
d:/lestoredownload/mounriverstudio/mounriver/mounriver_studio/toolchain/risc-v embedded gcc/bin/../lib/gcc/riscv-none-embed/8.2.0/rv32imacxw/ilp32\libgcc.a(mulsf3.o)
                              ./User/main.o (__mulsf3)
d:/lestoredownload/mounriverstudio/mounriver/mounriver_studio/toolchain/risc-v embedded gcc/bin/../lib/gcc/riscv-none-embed/8.2.0/rv32imacxw/ilp32\libgcc.a(subsf3.o)
                              ./User/main.o (__subsf3)
d:/lestoredownload/mounriverstudio/mounriver/mounriver_studio/toolchain/risc-v embedded gcc/bin/../lib/gcc/riscv-none-embed/8.2.0/rv32imacxw/ilp32\libgcc.a(floatsisf.o)
                              ./User/main.o (__floatsisf)
d:/lestoredownload/mounriverstudio/mounriver/mounriver_studio/toolchain/risc-v embedded gcc/bin/../lib/gcc/riscv-none-embed/8.2.0/rv32imacxw/ilp32\libgcc.a(extendsfdf2.o)
                              ./User/main.o (__extendsfdf2)
d:/lestoredownload/mounriverstudio/mounriver/mounriver_studio/toolchain/risc-v embedded gcc/bin/../lib/gcc/riscv-none-embed/8.2.0/rv32imacxw/ilp32\libgcc.a(save-restore.o)
                              ./User/main.o (__riscv_save_12)
d:/lestoredownload/mounriverstudio/mounriver/mounriver_studio/toolchain/risc-v embedded gcc/bin/../lib/gcc/riscv-none-embed/8.2.0/rv32imacxw/ilp32\libgcc.a(_clzsi2.o)
                              d:/lestoredownload/mounriverstudio/mounriver/mounriver_studio/toolchain/risc-v embedded gcc/bin/../lib/gcc/riscv-none-embed/8.2.0/rv32imacxw/ilp32\libgcc.a(addsf3.o) (__clzsi2)
d:/lestoredownload/mounriverstudio/mounriver/mounriver_studio/toolchain/risc-v embedded gcc/bin/../lib/gcc/riscv-none-embed/8.2.0/rv32imacxw/ilp32\libgcc.a(_clz.o)
                              d:/lestoredownload/mounriverstudio/mounriver/mounriver_studio/toolchain/risc-v embedded gcc/bin/../lib/gcc/riscv-none-embed/8.2.0/rv32imacxw/ilp32\libgcc.a(_clzsi2.o) (__clz_tab)
d:/lestoredownload/mounriverstudio/mounriver/mounriver_studio/toolchain/risc-v embedded gcc/bin/../lib/gcc/riscv-none-embed/8.2.0/../../../../riscv-none-embed/lib/rv32imacxw/ilp32\libg_nano.a(lib_a-memset.o)
                              ./User/main.o (memset)
d:/lestoredownload/mounriverstudio/mounriver/mounriver_studio/toolchain/risc-v embedded gcc/bin/../lib/gcc/riscv-none-embed/8.2.0/../../../../riscv-none-embed/lib/rv32imacxw/ilp32\libg_nano.a(lib_a-printf.o)
                              ./User/main.o (printf)
d:/lestoredownload/mounriverstudio/mounriver/mounriver_studio/toolchain/risc-v embedded gcc/bin/../lib/gcc/riscv-none-embed/8.2.0/../../../../riscv-none-embed/lib/rv32imacxw/ilp32\libg_nano.a(lib_a-sprintf.o)
                              ./User/main.o (sprintf)
d:/lestoredownload/mounriverstudio/mounriver/mounriver_studio/toolchain/risc-v embedded gcc/bin/../lib/gcc/riscv-none-embed/8.2.0/../../../../riscv-none-embed/lib/rv32imacxw/ilp32\libg_nano.a(lib_a-strlen.o)
                              ./User/main.o (strlen)
d:/lestoredownload/mounriverstudio/mounriver/mounriver_studio/toolchain/risc-v embedded gcc/bin/../lib/gcc/riscv-none-embed/8.2.0/../../../../riscv-none-embed/lib/rv32imacxw/ilp32\libg_nano.a(lib_a-findfp.o)
                              d:/lestoredownload/mounriverstudio/mounriver/mounriver_studio/toolchain/risc-v embedded gcc/bin/../lib/gcc/riscv-none-embed/8.2.0/../../../../riscv-none-embed/lib/rv32imacxw/ilp32\libg_nano.a(lib_a-printf.o) (__sinit)
d:/lestoredownload/mounriverstudio/mounriver/mounriver_studio/toolchain/risc-v embedded gcc/bin/../lib/gcc/riscv-none-embed/8.2.0/../../../../riscv-none-embed/lib/rv32imacxw/ilp32\libg_nano.a(lib_a-fwalk.o)
                              d:/lestoredownload/mounriverstudio/mounriver/mounriver_studio/toolchain/risc-v embedded gcc/bin/../lib/gcc/riscv-none-embed/8.2.0/../../../../riscv-none-embed/lib/rv32imacxw/ilp32\libg_nano.a(lib_a-findfp.o) (_fwalk)
d:/lestoredownload/mounriverstudio/mounriver/mounriver_studio/toolchain/risc-v embedded gcc/bin/../lib/gcc/riscv-none-embed/8.2.0/../../../../riscv-none-embed/lib/rv32imacxw/ilp32\libg_nano.a(lib_a-impure.o)
                              d:/lestoredownload/mounriverstudio/mounriver/mounriver_studio/toolchain/risc-v embedded gcc/bin/../lib/gcc/riscv-none-embed/8.2.0/../../../../riscv-none-embed/lib/rv32imacxw/ilp32\libg_nano.a(lib_a-findfp.o) (_global_impure_ptr)
[...]
Memory Configuration

Name             Origin             Length             Attributes
FLASH            0x0000000000000000 0x0000000000048000 xr
RAM              0x0000000020000000 0x0000000000008000 xrw
*default*        0x0000000000000000 0xffffffffffffffff

Linker script and memory map

LOAD ./User/ch32v30x_it.o
LOAD ./User/main.o
LOAD ./User/system_ch32v30x.o
LOAD ./Startup/startup_ch32v30x_D8C.o
LOAD ./Peripheral/src/ch32v30x_adc.o
LOAD ./Peripheral/src/ch32v30x_bkp.o
LOAD ./Peripheral/src/ch32v30x_can.o
LOAD ./Peripheral/src/ch32v30x_crc.o
LOAD ./Peripheral/src/ch32v30x_dac.o
LOAD ./Peripheral/src/ch32v30x_dbgmcu.o
LOAD ./Peripheral/src/ch32v30x_dma.o
LOAD ./Peripheral/src/ch32v30x_dvp.o
LOAD ./Peripheral/src/ch32v30x_eth.o
LOAD ./Peripheral/src/ch32v30x_exti.o
LOAD ./Peripheral/src/ch32v30x_flash.o
LOAD ./Peripheral/src/ch32v30x_fsmc.o
LOAD ./Peripheral/src/ch32v30x_gpio.o
LOAD ./Peripheral/src/ch32v30x_i2c.o
LOAD ./Peripheral/src/ch32v30x_iwdg.o
LOAD ./Peripheral/src/ch32v30x_misc.o
LOAD ./Peripheral/src/ch32v30x_opa.o
LOAD ./Peripheral/src/ch32v30x_pwr.o
LOAD ./Peripheral/src/ch32v30x_rcc.o
LOAD ./Peripheral/src/ch32v30x_rng.o
LOAD ./Peripheral/src/ch32v30x_rtc.o
LOAD ./Peripheral/src/ch32v30x_sdio.o
LOAD ./Peripheral/src/ch32v30x_spi.o
LOAD ./Peripheral/src/ch32v30x_tim.o
LOAD ./Peripheral/src/ch32v30x_usart.o
LOAD ./Peripheral/src/ch32v30x_wwdg.o
LOAD ./Debug/debug.o
LOAD ./Core/core_riscv.o
LOAD d:/lestoredownload/mounriverstudio/mounriver/mounriver_studio/toolchain/risc-v embedded gcc/bin/../lib/gcc/riscv-none-embed/8.2.0/../../../../riscv-none-embed/lib/rv32imacxw/ilp32\libm.a
LOAD d:/lestoredownload/mounriverstudio/mounriver/mounriver_studio/toolchain/risc-v embedded gcc/bin/../lib/gcc/riscv-none-embed/8.2.0/rv32imacxw/ilp32\libgcc.a
LOAD d:/lestoredownload/mounriverstudio/mounriver/mounriver_studio/toolchain/risc-v embedded gcc/bin/../lib/gcc/riscv-none-embed/8.2.0/../../../../riscv-none-embed/lib/rv32imacxw/ilp32\libg_nano.a
LOAD d:/lestoredownload/mounriverstudio/mounriver/mounriver_studio/toolchain/risc-v embedded gcc/bin/../lib/gcc/riscv-none-embed/8.2.0/../../../../riscv-none-embed/lib/rv32imacxw/ilp32\libc_nano.a
LOAD d:/lestoredownload/mounriverstudio/mounriver/mounriver_studio/toolchain/risc-v embedded gcc/bin/../lib/gcc/riscv-none-embed/8.2.0/rv32imacxw/ilp32\libgcc.a
START GROUP
LOAD d:/lestoredownload/mounriverstudio/mounriver/mounriver_studio/toolchain/risc-v embedded gcc/bin/../lib/gcc/riscv-none-embed/8.2.0/rv32imacxw/ilp32\libgcc.a
LOAD d:/lestoredownload/mounriverstudio/mounriver/mounriver_studio/toolchain/risc-v embedded gcc/bin/../lib/gcc/riscv-none-embed/8.2.0/../../../../riscv-none-embed/lib/rv32imacxw/ilp32\libc_nano.a
LOAD d:/lestoredownload/mounriverstudio/mounriver/mounriver_studio/toolchain/risc-v embedded gcc/bin/../lib/gcc/riscv-none-embed/8.2.0/../../../../riscv-none-embed/lib/rv32imacxw/ilp32\libnosys.a
END GROUP
START GROUP
LOAD d:/lestoredownload/mounriverstudio/mounriver/mounriver_studio/toolchain/risc-v embedded gcc/bin/../lib/gcc/riscv-none-embed/8.2.0/rv32imacxw/ilp32\libgcc.a
LOAD d:/lestoredownload/mounriverstudio/mounriver/mounriver_studio/toolchain/risc-v embedded gcc/bin/../lib/gcc/riscv-none-embed/8.2.0/../../../../riscv-none-embed/lib/rv32imacxw/ilp32\libc_nano.a
LOAD d:/lestoredownload/mounriverstudio/mounriver/mounriver_studio/toolchain/risc-v embedded gcc/bin/../lib/gcc/riscv-none-embed/8.2.0/../../../../riscv-none-embed/lib/rv32imacxw/ilp32\libnosys.a
END GROUP
                0x0000000000000800                __stack_size = 0x800
                [!provide]                        PROVIDE (_stack_size = __stack_size)

.init           0x0000000000000000       0x38
                0x0000000000000000                _sinit = .
                0x0000000000000000                . = ALIGN (0x4)
 *(SORT_NONE(.init))
 .init          0x0000000000000000       0x38 ./Startup/startup_ch32v30x_D8C.o
                0x0000000000000000                _start
                0x0000000000000038                . = ALIGN (0x4)
                0x0000000000000038                _einit = .

.vector         0x0000000000000038      0x1c8
 *(.vector)
 .vector        0x0000000000000038      0x1a0 ./Startup/startup_ch32v30x_D8C.o
                0x0000000000000200                . = ALIGN (0x40)
 *fill*         0x00000000000001d8       0x28 

.text           0x0000000000000200     0x3ef8
                0x0000000000000200                . = ALIGN (0x4)
 *(.text)
 .text          0x0000000000000200       0x60 d:/lestoredownload/mounriverstudio/mounriver/mounriver_studio/toolchain/risc-v embedded gcc/bin/../lib/gcc/riscv-none-embed/8.2.0/rv32imacxw/ilp32\libgcc.a(save-restore.o)
                0x0000000000000200                __riscv_save_12
                0x0000000000000208                __riscv_save_9
                0x0000000000000208                __riscv_save_11
                0x0000000000000208                __riscv_save_10
                0x0000000000000208                __riscv_save_8
                0x0000000000000216                __riscv_save_4
                0x0000000000000216                __riscv_save_6
                0x0000000000000216                __riscv_save_5
                0x0000000000000216                __riscv_save_7
                0x0000000000000230                __riscv_save_3
                0x0000000000000230                __riscv_save_2
                0x0000000000000230                __riscv_save_1
                0x0000000000000230                __riscv_save_0
                0x000000000000023c                __riscv_restore_12
                0x0000000000000240                __riscv_restore_11
                0x0000000000000240                __riscv_restore_9
                0x0000000000000240                __riscv_restore_10
                0x0000000000000240                __riscv_restore_8
                0x000000000000024a                __riscv_restore_5
                0x000000000000024a                __riscv_restore_7
                0x000000000000024a                __riscv_restore_6
                0x000000000000024a                __riscv_restore_4
                0x0000000000000254                __riscv_restore_3
                0x0000000000000254                __riscv_restore_0
                0x0000000000000254                __riscv_restore_2
                0x0000000000000254                __riscv_restore_1
 .text          0x0000000000000260       0xa8 d:/lestoredownload/mounriverstudio/mounriver/mounriver_studio/toolchain/risc-v embedded gcc/bin/../lib/gcc/riscv-none-embed/8.2.0/../../../../riscv-none-embed/lib/rv32imacxw/ilp32\libg_nano.a(lib_a-memset.o)
                0x0000000000000260                memset
 *(.text.*)
 .text.NMI_Handler
                0x0000000000000308        0x4 ./User/ch32v30x_it.o
                0x0000000000000308                NMI_Handler
 .text.HardFault_Handler
                0x000000000000030c        0x2 ./User/ch32v30x_it.o
                0x000000000000030c                HardFault_Handler
 .text.TIM1_CC_IRQHandler
                0x000000000000030e       0x5a ./User/ch32v30x_it.o
                0x000000000000030e                TIM1_CC_IRQHandler
 .text.string2hexString
                0x0000000000000368       0x28 ./User/main.o
                0x0000000000000368                string2hexString
 .text.Probe_Init
                0x0000000000000390       0x54 ./User/main.o
                0x0000000000000390                Probe_Init
 .text.Probe1Control
                0x00000000000003e4       0x2c ./User/main.o
                0x00000000000003e4                Probe1Control
 .text.Probe2Control
                0x0000000000000410       0x2c ./User/main.o
                0x0000000000000410                Probe2Control
 .text.Probe3Control
                0x000000000000043c       0x2c ./User/main.o
                0x000000000000043c                Probe3Control
 .text.ProbeStop
                0x0000000000000468       0x2c ./User/main.o
                0x0000000000000468                ProbeStop
 .text.USARTx_CFG
                0x0000000000000494       0xa0 ./User/main.o
                0x0000000000000494                USARTx_CFG
 .text.DMA_INIT
                0x0000000000000534       0x6e ./User/main.o
                0x0000000000000534                DMA_INIT
 .text.ADC_Function_Init
                0x00000000000005a2      0x112 ./User/main.o
                0x00000000000005a2                ADC_Function_Init
 .text.Input_Capture_Init
                0x00000000000006b4       0xd8 ./User/main.o
                0x00000000000006b4                Input_Capture_Init
 .text.Get_Frequence
                0x000000000000078c       0x68 ./User/main.o
                0x000000000000078c                Get_Frequence
 .text.startup.main
                0x00000000000007f4      0x2fc ./User/main.o
                0x00000000000007f4                main
 .text.SystemInit
                0x0000000000000af0       0xfa ./User/system_ch32v30x.o
                0x0000000000000af0                SystemInit
 .text.vector_handler
                0x0000000000000bea       0xbe ./Startup/startup_ch32v30x_D8C.o
                0x0000000000000bee                Ecall_M_Mode_Handler
                0x0000000000000bf0                Ecall_U_Mode_Handler
                0x0000000000000bf2                Break_Point_Handler
                0x0000000000000bf4                SysTick_Handler
                0x0000000000000bf6                SW_Handler
                0x0000000000000bf8                WWDG_IRQHandler
                0x0000000000000bfa                PVD_IRQHandler
                0x0000000000000bfc                TAMPER_IRQHandler
                0x0000000000000bfe                RTC_IRQHandler
                0x0000000000000c00                FLASH_IRQHandler
                0x0000000000000c02                RCC_IRQHandler
                0x0000000000000c04                EXTI0_IRQHandler
                0x0000000000000c06                EXTI1_IRQHandler
                0x0000000000000c08                EXTI2_IRQHandler
                0x0000000000000c0a                EXTI3_IRQHandler
                0x0000000000000c0c                EXTI4_IRQHandler
                0x0000000000000c0e                DMA1_Channel1_IRQHandler
                0x0000000000000c10                DMA1_Channel2_IRQHandler
                0x0000000000000c12                DMA1_Channel3_IRQHandler
                0x0000000000000c14                DMA1_Channel4_IRQHandler
                0x0000000000000c16                DMA1_Channel5_IRQHandler
                0x0000000000000c18                DMA1_Channel6_IRQHandler
                0x0000000000000c1a                DMA1_Channel7_IRQHandler
                0x0000000000000c1c                ADC1_2_IRQHandler
                0x0000000000000c1e                USB_HP_CAN1_TX_IRQHandler
                0x0000000000000c20                USB_LP_CAN1_RX0_IRQHandler
                0x0000000000000c22                CAN1_RX1_IRQHandler
                0x0000000000000c24                CAN1_SCE_IRQHandler
                0x0000000000000c26                EXTI9_5_IRQHandler
                0x0000000000000c28                TIM1_BRK_IRQHandler
                0x0000000000000c2a                TIM1_UP_IRQHandler
                0x0000000000000c2c                TIM1_TRG_COM_IRQHandler
                0x0000000000000c30                TIM2_IRQHandler
                0x0000000000000c32                TIM3_IRQHandler
                0x0000000000000c34                TIM4_IRQHandler
                0x0000000000000c36                I2C1_EV_IRQHandler
                0x0000000000000c38                I2C1_ER_IRQHandler
                0x0000000000000c3a                I2C2_EV_IRQHandler
                0x0000000000000c3c                I2C2_ER_IRQHandler
                0x0000000000000c3e                SPI1_IRQHandler
                0x0000000000000c40                SPI2_IRQHandler
                0x0000000000000c42                USART1_IRQHandler
                0x0000000000000c44                USART2_IRQHandler
                0x0000000000000c46                USART3_IRQHandler
                0x0000000000000c48                EXTI15_10_IRQHandler
                0x0000000000000c4a                RTCAlarm_IRQHandler
                0x0000000000000c4c                USBWakeUp_IRQHandler
                0x0000000000000c4e                TIM8_BRK_IRQHandler
                0x0000000000000c50                TIM8_UP_IRQHandler
                0x0000000000000c52                TIM8_TRG_COM_IRQHandler
                0x0000000000000c54                TIM8_CC_IRQHandler
                0x0000000000000c56                RNG_IRQHandler
                0x0000000000000c58                FSMC_IRQHandler
                0x0000000000000c5a                SDIO_IRQHandler
                0x0000000000000c5c                TIM5_IRQHandler
                0x0000000000000c5e                SPI3_IRQHandler
                0x0000000000000c60                UART4_IRQHandler
                0x0000000000000c62                UART5_IRQHandler
                0x0000000000000c64                TIM6_IRQHandler
                0x0000000000000c66                TIM7_IRQHandler
                0x0000000000000c68                DMA2_Channel1_IRQHandler
                0x0000000000000c6a                DMA2_Channel2_IRQHandler
                0x0000000000000c6c                DMA2_Channel3_IRQHandler
                0x0000000000000c6e                DMA2_Channel4_IRQHandler
                0x0000000000000c70                DMA2_Channel5_IRQHandler
                0x0000000000000c72                ETH_IRQHandler
                0x0000000000000c74                ETH_WKUP_IRQHandler
                0x0000000000000c76                CAN2_TX_IRQHandler
                0x0000000000000c78                CAN2_RX0_IRQHandler
                0x0000000000000c7a                CAN2_RX1_IRQHandler
                0x0000000000000c7c                CAN2_SCE_IRQHandler
                0x0000000000000c7e                OTG_FS_IRQHandler
                0x0000000000000c80                USBHSWakeup_IRQHandler
                0x0000000000000c82                USBHS_IRQHandler
                0x0000000000000c84                DVP_IRQHandler
                0x0000000000000c86                UART6_IRQHandler
                0x0000000000000c88                UART7_IRQHandler
                0x0000000000000c8a                UART8_IRQHandler
                0x0000000000000c8c                TIM9_BRK_IRQHandler
                0x0000000000000c8e                TIM9_UP_IRQHandler
                0x0000000000000c90                TIM9_TRG_COM_IRQHandler
                0x0000000000000c92                TIM9_CC_IRQHandler
                0x0000000000000c94                TIM10_BRK_IRQHandler
                0x0000000000000c96                TIM10_UP_IRQHandler
                0x0000000000000c98                TIM10_TRG_COM_IRQHandler
                0x0000000000000c9a                TIM10_CC_IRQHandler
                0x0000000000000c9c                DMA2_Channel6_IRQHandler
                0x0000000000000c9e                DMA2_Channel7_IRQHandler
                0x0000000000000ca0                DMA2_Channel8_IRQHandler
                0x0000000000000ca2                DMA2_Channel9_IRQHandler
                0x0000000000000ca4                DMA2_Channel10_IRQHandler
                0x0000000000000ca6                DMA2_Channel11_IRQHandler
 .text.handle_reset
                0x0000000000000ca8       0x8a ./Startup/startup_ch32v30x_D8C.o
                0x0000000000000ca8                handle_reset
 .text.ADC_DeInit
                0x0000000000000d32       0x40 ./Peripheral/src/ch32v30x_adc.o
                0x0000000000000d32                ADC_DeInit
 .text.ADC_Init
                0x0000000000000d72       0x56 ./Peripheral/src/ch32v30x_adc.o
                0x0000000000000d72                ADC_Init
 .text.ADC_Cmd  0x0000000000000dc8       0x10 ./Peripheral/src/ch32v30x_adc.o
                0x0000000000000dc8                ADC_Cmd
 .text.ADC_DMACmd
                0x0000000000000dd8       0x12 ./Peripheral/src/ch32v30x_adc.o
                0x0000000000000dd8                ADC_DMACmd
 .text.ADC_ResetCalibration
                0x0000000000000dea        0xa ./Peripheral/src/ch32v30x_adc.o
                0x0000000000000dea                ADC_ResetCalibration
 .text.ADC_GetResetCalibrationStatus
                0x0000000000000df4        0x8 ./Peripheral/src/ch32v30x_adc.o
                0x0000000000000df4                ADC_GetResetCalibrationStatus
 .text.ADC_StartCalibration
                0x0000000000000dfc        0xa ./Peripheral/src/ch32v30x_adc.o
                0x0000000000000dfc                ADC_StartCalibration
 .text.ADC_GetCalibrationStatus
                0x0000000000000e06        0x8 ./Peripheral/src/ch32v30x_adc.o
                0x0000000000000e06                ADC_GetCalibrationStatus
 .text.ADC_BufferCmd
                0x0000000000000e0e       0x18 ./Peripheral/src/ch32v30x_adc.o
                0x0000000000000e0e                ADC_BufferCmd
 .text.Get_CalibrationValue
                0x0000000000000e26      0x130 ./Peripheral/src/ch32v30x_adc.o
                0x0000000000000e26                Get_CalibrationValue
 .text.DMA_DeInit
                0x0000000000000f56      0x16c ./Peripheral/src/ch32v30x_dma.o
                0x0000000000000f56                DMA_DeInit
 .text.DMA_Init
                0x00000000000010c2       0x38 ./Peripheral/src/ch32v30x_dma.o
                0x00000000000010c2                DMA_Init
 .text.DMA_Cmd  0x00000000000010fa       0x14 ./Peripheral/src/ch32v30x_dma.o
                0x00000000000010fa                DMA_Cmd
 .text.DMA_GetFlagStatus
                0x000000000000110e       0x32 ./Peripheral/src/ch32v30x_dma.o
                0x000000000000110e                DMA_GetFlagStatus
 .text.GPIO_Init
                0x0000000000001140       0xc0 ./Peripheral/src/ch32v30x_gpio.o
                0x0000000000001140                GPIO_Init
 .text.GPIO_SetBits
                0x0000000000001200        0x4 ./Peripheral/src/ch32v30x_gpio.o
                0x0000000000001200                GPIO_SetBits
 .text.GPIO_ResetBits
                0x0000000000001204        0x4 ./Peripheral/src/ch32v30x_gpio.o
                0x0000000000001204                GPIO_ResetBits
 .text.NVIC_PriorityGroupConfig
                0x0000000000001208        0x6 ./Peripheral/src/ch32v30x_misc.o
                0x0000000000001208                NVIC_PriorityGroupConfig
 .text.NVIC_Init
                0x000000000000120e       0xa6 ./Peripheral/src/ch32v30x_misc.o
                0x000000000000120e                NVIC_Init
 .text.RCC_ADCCLKConfig
                0x00000000000012b4       0x12 ./Peripheral/src/ch32v30x_rcc.o
                0x00000000000012b4                RCC_ADCCLKConfig
 .text.RCC_GetClocksFreq
                0x00000000000012c6      0x176 ./Peripheral/src/ch32v30x_rcc.o
                0x00000000000012c6                RCC_GetClocksFreq
 .text.RCC_AHBPeriphClockCmd
                0x000000000000143c       0x1e ./Peripheral/src/ch32v30x_rcc.o
                0x000000000000143c                RCC_AHBPeriphClockCmd
 .text.RCC_APB2PeriphClockCmd
                0x000000000000145a       0x1e ./Peripheral/src/ch32v30x_rcc.o
                0x000000000000145a                RCC_APB2PeriphClockCmd
 .text.RCC_APB1PeriphClockCmd
                0x0000000000001478       0x1e ./Peripheral/src/ch32v30x_rcc.o
                0x0000000000001478                RCC_APB1PeriphClockCmd
 .text.RCC_APB2PeriphResetCmd
                0x0000000000001496       0x1e ./Peripheral/src/ch32v30x_rcc.o
                0x0000000000001496                RCC_APB2PeriphResetCmd
 .text.TI1_Config
                0x00000000000014b4       0x82 ./Peripheral/src/ch32v30x_tim.o
 .text.TI2_Config
                0x0000000000001536       0x9a ./Peripheral/src/ch32v30x_tim.o
 .text.TIM_TimeBaseInit
                0x00000000000015d0       0xaa ./Peripheral/src/ch32v30x_tim.o
                0x00000000000015d0                TIM_TimeBaseInit
 .text.TIM_Cmd  0x000000000000167a       0x18 ./Peripheral/src/ch32v30x_tim.o
                0x000000000000167a                TIM_Cmd
 .text.TIM_ITConfig
                0x0000000000001692       0x12 ./Peripheral/src/ch32v30x_tim.o
                0x0000000000001692                TIM_ITConfig
 .text.TIM_SelectInputTrigger
                0x00000000000016a4       0x10 ./Peripheral/src/ch32v30x_tim.o
                0x00000000000016a4                TIM_SelectInputTrigger
 .text.TIM_SelectSlaveMode
                0x00000000000016b4       0x16 ./Peripheral/src/ch32v30x_tim.o
                0x00000000000016b4                TIM_SelectSlaveMode
 .text.TIM_SelectMasterSlaveMode
                0x00000000000016ca       0x18 ./Peripheral/src/ch32v30x_tim.o
                0x00000000000016ca                TIM_SelectMasterSlaveMode
 .text.TIM_SetCounter
                0x00000000000016e2        0x4 ./Peripheral/src/ch32v30x_tim.o
                0x00000000000016e2                TIM_SetCounter
 .text.TIM_SetIC1Prescaler
                0x00000000000016e6       0x16 ./Peripheral/src/ch32v30x_tim.o
                0x00000000000016e6                TIM_SetIC1Prescaler
 .text.TIM_SetIC2Prescaler
                0x00000000000016fc       0x1a ./Peripheral/src/ch32v30x_tim.o
                0x00000000000016fc                TIM_SetIC2Prescaler
 .text.TIM_PWMIConfig
                0x0000000000001716       0x5a ./Peripheral/src/ch32v30x_tim.o
                0x0000000000001716                TIM_PWMIConfig
 .text.TIM_GetCapture2
                0x0000000000001770        0x4 ./Peripheral/src/ch32v30x_tim.o
                0x0000000000001770                TIM_GetCapture2
 .text.TIM_GetITStatus
                0x0000000000001774       0x18 ./Peripheral/src/ch32v30x_tim.o
                0x0000000000001774                TIM_GetITStatus
 .text.TIM_ClearITPendingBit
                0x000000000000178c        0xc ./Peripheral/src/ch32v30x_tim.o
                0x000000000000178c                TIM_ClearITPendingBit
 .text.USART_Init
                0x0000000000001798       0xbc ./Peripheral/src/ch32v30x_usart.o
                0x0000000000001798                USART_Init
 .text.USART_Cmd
                0x0000000000001854       0x16 ./Peripheral/src/ch32v30x_usart.o
                0x0000000000001854                USART_Cmd
 .text.USART_DMACmd
                0x000000000000186a       0x12 ./Peripheral/src/ch32v30x_usart.o
                0x000000000000186a                USART_DMACmd
 .text.USART_SendData
                0x000000000000187c        0x8 ./Peripheral/src/ch32v30x_usart.o
                0x000000000000187c                USART_SendData
 .text.USART_GetFlagStatus
                0x0000000000001884        0xa ./Peripheral/src/ch32v30x_usart.o
                0x0000000000001884                USART_GetFlagStatus
 .text.Delay_Init
                0x000000000000188e       0x26 ./Debug/debug.o
                0x000000000000188e                Delay_Init
 .text.Delay_Ms
                0x00000000000018b4       0x36 ./Debug/debug.o
                0x00000000000018b4                Delay_Ms
 .text.USART_Printf_Init
                0x00000000000018ea       0x56 ./Debug/debug.o
                0x00000000000018ea                USART_Printf_Init
 .text._write   0x0000000000001940       0x3a ./Debug/debug.o
                0x0000000000001940                _write
 .text._sbrk    0x000000000000197a       0x26 ./Debug/debug.o
                0x000000000000197a                _sbrk
 .text.__addsf3
                0x00000000000019a0      0x36a d:/lestoredownload/mounriverstudio/mounriver/mounriver_studio/toolchain/risc-v embedded gcc/bin/../lib/gcc/riscv-none-embed/8.2.0/rv32imacxw/ilp32\libgcc.a(addsf3.o)
                0x00000000000019a0                __addsf3
 .text.__divsf3
                0x0000000000001d0a      0x2b2 d:/lestoredownload/mounriverstudio/mounriver/mounriver_studio/toolchain/risc-v embedded gcc/bin/../lib/gcc/riscv-none-embed/8.2.0/rv32imacxw/ilp32\libgcc.a(divsf3.o)
                0x0000000000001d0a                __divsf3
 .text.__mulsf3
                0x0000000000001fbc      0x290 d:/lestoredownload/mounriverstudio/mounriver/mounriver_studio/toolchain/risc-v embedded gcc/bin/../lib/gcc/riscv-none-embed/8.2.0/rv32imacxw/ilp32\libgcc.a(mulsf3.o)
                0x0000000000001fbc                __mulsf3
 .text.__subsf3
                0x000000000000224c      0x388 d:/lestoredownload/mounriverstudio/mounriver/mounriver_studio/toolchain/risc-v embedded gcc/bin/../lib/gcc/riscv-none-embed/8.2.0/rv32imacxw/ilp32\libgcc.a(subsf3.o)
                0x000000000000224c                __subsf3
 .text.__floatsisf
                0x00000000000025d4       0xc6 d:/lestoredownload/mounriverstudio/mounriver/mounriver_studio/toolchain/risc-v embedded gcc/bin/../lib/gcc/riscv-none-embed/8.2.0/rv32imacxw/ilp32\libgcc.a(floatsisf.o)
                0x00000000000025d4                __floatsisf
 .text.__extendsfdf2
                0x000000000000269a       0xac d:/lestoredownload/mounriverstudio/mounriver/mounriver_studio/toolchain/risc-v embedded gcc/bin/../lib/gcc/riscv-none-embed/8.2.0/rv32imacxw/ilp32\libgcc.a(extendsfdf2.o)
                0x000000000000269a                __extendsfdf2
 .text.__clzsi2
                0x0000000000002746       0x6e d:/lestoredownload/mounriverstudio/mounriver/mounriver_studio/toolchain/risc-v embedded gcc/bin/../lib/gcc/riscv-none-embed/8.2.0/rv32imacxw/ilp32\libgcc.a(_clzsi2.o)
                0x0000000000002746                __clzsi2
 .text.printf   0x00000000000027b4       0x3e d:/lestoredownload/mounriverstudio/mounriver/mounriver_studio/toolchain/risc-v embedded gcc/bin/../lib/gcc/riscv-none-embed/8.2.0/../../../../riscv-none-embed/lib/rv32imacxw/ilp32\libg_nano.a(lib_a-printf.o)
                0x00000000000027b4                iprintf
                0x00000000000027b4                printf
 .text.sprintf  0x00000000000027f2       0x44 d:/lestoredownload/mounriverstudio/mounriver/mounriver_studio/toolchain/risc-v embedded gcc/bin/../lib/gcc/riscv-none-embed/8.2.0/../../../../riscv-none-embed/lib/rv32imacxw/ilp32\libg_nano.a(lib_a-sprintf.o)
                0x00000000000027f2                siprintf
                0x00000000000027f2                sprintf
 .text.strlen   0x0000000000002836       0x12 d:/lestoredownload/mounriverstudio/mounriver/mounriver_studio/toolchain/risc-v embedded gcc/bin/../lib/gcc/riscv-none-embed/8.2.0/../../../../riscv-none-embed/lib/rv32imacxw/ilp32\libg_nano.a(lib_a-strlen.o)
                0x0000000000002836                strlen
 .text.std      0x0000000000002848       0x66 d:/lestoredownload/mounriverstudio/mounriver/mounriver_studio/toolchain/risc-v embedded gcc/bin/../lib/gcc/riscv-none-embed/8.2.0/../../../../riscv-none-embed/lib/rv32imacxw/ilp32\libg_nano.a(lib_a-findfp.o)
 .text._cleanup_r
                0x00000000000028ae        0xa d:/lestoredownload/mounriverstudio/mounriver/mounriver_studio/toolchain/risc-v embedded gcc/bin/../lib/gcc/riscv-none-embed/8.2.0/../../../../riscv-none-embed/lib/rv32imacxw/ilp32\libg_nano.a(lib_a-findfp.o)
                0x00000000000028ae                _cleanup_r
 .text.__sfmoreglue
                0x00000000000028b8       0x46 d:/lestoredownload/mounriverstudio/mounriver/mounriver_studio/toolchain/risc-v embedded gcc/bin/../lib/gcc/riscv-none-embed/8.2.0/../../../../riscv-none-embed/lib/rv32imacxw/ilp32\libg_nano.a(lib_a-findfp.o)
                0x00000000000028b8                __sfmoreglue
 .text.__sinit  0x00000000000028fe       0x66 d:/lestoredownload/mounriverstudio/mounriver/mounriver_studio/toolchain/risc-v embedded gcc/bin/../lib/gcc/riscv-none-embed/8.2.0/../../../../riscv-none-embed/lib/rv32imacxw/ilp32\libg_nano.a(lib_a-findfp.o)
                0x00000000000028fe                __sinit
 .text.__sfp    0x0000000000002964       0x9c d:/lestoredownload/mounriverstudio/mounriver/mounriver_studio/toolchain/risc-v embedded gcc/bin/../lib/gcc/riscv-none-embed/8.2.0/../../../../riscv-none-embed/lib/rv32imacxw/ilp32\libg_nano.a(lib_a-findfp.o)
                0x0000000000002964                __sfp
 .text._fwalk_reent
                0x0000000000002a00       0x6a d:/lestoredownload/mounriverstudio/mounriver/mounriver_studio/toolchain/risc-v embedded gcc/bin/../lib/gcc/riscv-none-embed/8.2.0/../../../../riscv-none-embed/lib/rv32imacxw/ilp32\libg_nano.a(lib_a-fwalk.o)
                0x0000000000002a00                _fwalk_reent
 .text._malloc_r
                0x0000000000002a6a       0xda d:/lestoredownload/mounriverstudio/mounriver/mounriver_studio/toolchain/risc-v embedded gcc/bin/../lib/gcc/riscv-none-embed/8.2.0/../../../../riscv-none-embed/lib/rv32imacxw/ilp32\libg_nano.a(lib_a-nano-mallocr.o)
                0x0000000000002a6a                _malloc_r
 .text.__ssputs_r
                0x0000000000002b44       0xe2 d:/lestoredownload/mounriverstudio/mounriver/mounriver_studio/toolchain/risc-v embedded gcc/bin/../lib/gcc/riscv-none-embed/8.2.0/../../../../riscv-none-embed/lib/rv32imacxw/ilp32\libg_nano.a(lib_a-nano-svfprintf.o)
                0x0000000000002b44                __ssputs_r
 .text._svfprintf_r
                0x0000000000002c26      0x266 d:/lestoredownload/mounriverstudio/mounriver/mounriver_studio/toolchain/risc-v embedded gcc/bin/../lib/gcc/riscv-none-embed/8.2.0/../../../../riscv-none-embed/lib/rv32imacxw/ilp32\libg_nano.a(lib_a-nano-svfprintf.o)
                0x0000000000002c26                _svfiprintf_r
                0x0000000000002c26                _svfprintf_r
 .text.__sfputc_r
                0x0000000000002e8c       0x26 d:/lestoredownload/mounriverstudio/mounriver/mounriver_studio/toolchain/risc-v embedded gcc/bin/../lib/gcc/riscv-none-embed/8.2.0/../../../../riscv-none-embed/lib/rv32imacxw/ilp32\libg_nano.a(lib_a-nano-vfprintf.o)
 .text.__sfputs_r
                0x0000000000002eb2       0x40 d:/lestoredownload/mounriverstudio/mounriver/mounriver_studio/toolchain/risc-v embedded gcc/bin/../lib/gcc/riscv-none-embed/8.2.0/../../../../riscv-none-embed/lib/rv32imacxw/ilp32\libg_nano.a(lib_a-nano-vfprintf.o)
                0x0000000000002eb2                __sfputs_r
 .text._vfprintf_r
                0x0000000000002ef2      0x28a d:/lestoredownload/mounriverstudio/mounriver/mounriver_studio/toolchain/risc-v embedded gcc/bin/../lib/gcc/riscv-none-embed/8.2.0/../../../../riscv-none-embed/lib/rv32imacxw/ilp32\libg_nano.a(lib_a-nano-vfprintf.o)
                0x0000000000002ef2                _vfprintf_r
                0x0000000000002ef2                _vfiprintf_r
 .text._printf_common
                0x000000000000317c      0x10c d:/lestoredownload/mounriverstudio/mounriver/mounriver_studio/toolchain/risc-v embedded gcc/bin/../lib/gcc/riscv-none-embed/8.2.0/../../../../riscv-none-embed/lib/rv32imacxw/ilp32\libg_nano.a(lib_a-nano-vfprintf_i.o)
                0x000000000000317c                _printf_common
 .text._printf_i
                0x0000000000003288      0x2a0 d:/lestoredownload/mounriverstudio/mounriver/mounriver_studio/toolchain/risc-v embedded gcc/bin/../lib/gcc/riscv-none-embed/8.2.0/../../../../riscv-none-embed/lib/rv32imacxw/ilp32\libg_nano.a(lib_a-nano-vfprintf_i.o)
                0x0000000000003288                _printf_i
 .text._sbrk_r  0x0000000000003528       0x2a d:/lestoredownload/mounriverstudio/mounriver/mounriver_studio/toolchain/risc-v embedded gcc/bin/../lib/gcc/riscv-none-embed/8.2.0/../../../../riscv-none-embed/lib/rv32imacxw/ilp32\libg_nano.a(lib_a-sbrkr.o)
                0x0000000000003528                _sbrk_r
 .text.__sread  0x0000000000003552       0x2e d:/lestoredownload/mounriverstudio/mounriver/mounriver_studio/toolchain/risc-v embedded gcc/bin/../lib/gcc/riscv-none-embed/8.2.0/../../../../riscv-none-embed/lib/rv32imacxw/ilp32\libg_nano.a(lib_a-stdio.o)
                0x0000000000003552                __sread
 .text.__swrite
                0x0000000000003580       0x48 d:/lestoredownload/mounriverstudio/mounriver/mounriver_studio/toolchain/risc-v embedded gcc/bin/../lib/gcc/riscv-none-embed/8.2.0/../../../../riscv-none-embed/lib/rv32imacxw/ilp32\libg_nano.a(lib_a-stdio.o)
                0x0000000000003580                __swrite
 .text.__sseek  0x00000000000035c8       0x30 d:/lestoredownload/mounriverstudio/mounriver/mounriver_studio/toolchain/risc-v embedded gcc/bin/../lib/gcc/riscv-none-embed/8.2.0/../../../../riscv-none-embed/lib/rv32imacxw/ilp32\libg_nano.a(lib_a-stdio.o)
                0x00000000000035c8                __sseek
 .text.__sclose
                0x00000000000035f8        0x6 d:/lestoredownload/mounriverstudio/mounriver/mounriver_studio/toolchain/risc-v embedded gcc/bin/../lib/gcc/riscv-none-embed/8.2.0/../../../../riscv-none-embed/lib/rv32imacxw/ilp32\libg_nano.a(lib_a-stdio.o)
                0x00000000000035f8                __sclose
 .text.__swbuf_r
                0x00000000000035fe       0xbe d:/lestoredownload/mounriverstudio/mounriver/mounriver_studio/toolchain/risc-v embedded gcc/bin/../lib/gcc/riscv-none-embed/8.2.0/../../../../riscv-none-embed/lib/rv32imacxw/ilp32\libg_nano.a(lib_a-wbuf.o)
                0x00000000000035fe                __swbuf_r
 .text._write_r
                0x00000000000036bc       0x2e d:/lestoredownload/mounriverstudio/mounriver/mounriver_studio/toolchain/risc-v embedded gcc/bin/../lib/gcc/riscv-none-embed/8.2.0/../../../../riscv-none-embed/lib/rv32imacxw/ilp32\libg_nano.a(lib_a-writer.o)
                0x00000000000036bc                _write_r
 .text.__swsetup_r
                0x00000000000036ea       0xfe d:/lestoredownload/mounriverstudio/mounriver/mounriver_studio/toolchain/risc-v embedded gcc/bin/../lib/gcc/riscv-none-embed/8.2.0/../../../../riscv-none-embed/lib/rv32imacxw/ilp32\libg_nano.a(lib_a-wsetup.o)
                0x00000000000036ea                __swsetup_r
 .text._close_r
                0x00000000000037e8       0x28 d:/lestoredownload/mounriverstudio/mounriver/mounriver_studio/toolchain/risc-v embedded gcc/bin/../lib/gcc/riscv-none-embed/8.2.0/../../../../riscv-none-embed/lib/rv32imacxw/ilp32\libg_nano.a(lib_a-closer.o)
                0x00000000000037e8                _close_r
 .text.__sflush_r
                0x0000000000003810      0x130 d:/lestoredownload/mounriverstudio/mounriver/mounriver_studio/toolchain/risc-v embedded gcc/bin/../lib/gcc/riscv-none-embed/8.2.0/../../../../riscv-none-embed/lib/rv32imacxw/ilp32\libg_nano.a(lib_a-fflush.o)
                0x0000000000003810                __sflush_r
 .text._fflush_r
                0x0000000000003940       0x66 d:/lestoredownload/mounriverstudio/mounriver/mounriver_studio/toolchain/risc-v embedded gcc/bin/../lib/gcc/riscv-none-embed/8.2.0/../../../../riscv-none-embed/lib/rv32imacxw/ilp32\libg_nano.a(lib_a-fflush.o)
                0x0000000000003940                _fflush_r
 .text._lseek_r
                0x00000000000039a6       0x2c d:/lestoredownload/mounriverstudio/mounriver/mounriver_studio/toolchain/risc-v embedded gcc/bin/../lib/gcc/riscv-none-embed/8.2.0/../../../../riscv-none-embed/lib/rv32imacxw/ilp32\libg_nano.a(lib_a-lseekr.o)
                0x00000000000039a6                _lseek_r
 .text.__swhatbuf_r
                0x00000000000039d2       0x56 d:/lestoredownload/mounriverstudio/mounriver/mounriver_studio/toolchain/risc-v embedded gcc/bin/../lib/gcc/riscv-none-embed/8.2.0/../../../../riscv-none-embed/lib/rv32imacxw/ilp32\libg_nano.a(lib_a-makebuf.o)
                0x00000000000039d2                __swhatbuf_r
 .text.__smakebuf_r
                0x0000000000003a28       0x90 d:/lestoredownload/mounriverstudio/mounriver/mounriver_studio/toolchain/risc-v embedded gcc/bin/../lib/gcc/riscv-none-embed/8.2.0/../../../../riscv-none-embed/lib/rv32imacxw/ilp32\libg_nano.a(lib_a-makebuf.o)
                0x0000000000003a28                __smakebuf_r
 .text.memchr   0x0000000000003ab8       0x18 d:/lestoredownload/mounriverstudio/mounriver/mounriver_studio/toolchain/risc-v embedded gcc/bin/../lib/gcc/riscv-none-embed/8.2.0/../../../../riscv-none-embed/lib/rv32imacxw/ilp32\libg_nano.a(lib_a-memchr.o)
                0x0000000000003ab8                memchr
 .text.memcpy   0x0000000000003ad0       0xb2 d:/lestoredownload/mounriverstudio/mounriver/mounriver_studio/toolchain/risc-v embedded gcc/bin/../lib/gcc/riscv-none-embed/8.2.0/../../../../riscv-none-embed/lib/rv32imacxw/ilp32\libg_nano.a(lib_a-memcpy.o)
                0x0000000000003ad0                memcpy
 .text.memmove  0x0000000000003b82       0x46 d:/lestoredownload/mounriverstudio/mounriver/mounriver_studio/toolchain/risc-v embedded gcc/bin/../lib/gcc/riscv-none-embed/8.2.0/../../../../riscv-none-embed/lib/rv32imacxw/ilp32\libg_nano.a(lib_a-memmove.o)
                0x0000000000003b82                memmove
 .text.__malloc_lock
                0x0000000000003bc8        0x2 d:/lestoredownload/mounriverstudio/mounriver/mounriver_studio/toolchain/risc-v embedded gcc/bin/../lib/gcc/riscv-none-embed/8.2.0/../../../../riscv-none-embed/lib/rv32imacxw/ilp32\libg_nano.a(lib_a-mlock.o)
                0x0000000000003bc8                __malloc_lock
 .text.__malloc_unlock
                0x0000000000003bca        0x2 d:/lestoredownload/mounriverstudio/mounriver/mounriver_studio/toolchain/risc-v embedded gcc/bin/../lib/gcc/riscv-none-embed/8.2.0/../../../../riscv-none-embed/lib/rv32imacxw/ilp32\libg_nano.a(lib_a-mlock.o)
                0x0000000000003bca                __malloc_unlock
 .text._free_r  0x0000000000003bcc       0xa4 d:/lestoredownload/mounriverstudio/mounriver/mounriver_studio/toolchain/risc-v embedded gcc/bin/../lib/gcc/riscv-none-embed/8.2.0/../../../../riscv-none-embed/lib/rv32imacxw/ilp32\libg_nano.a(lib_a-nano-freer.o)
                0x0000000000003bcc                _free_r
 .text._realloc_r
                0x0000000000003c70       0x52 d:/lestoredownload/mounriverstudio/mounriver/mounriver_studio/toolchain/risc-v embedded gcc/bin/../lib/gcc/riscv-none-embed/8.2.0/../../../../riscv-none-embed/lib/rv32imacxw/ilp32\libg_nano.a(lib_a-nano-reallocr.o)
                0x0000000000003c70                _realloc_r
 .text._read_r  0x0000000000003cc2       0x2c d:/lestoredownload/mounriverstudio/mounriver/mounriver_studio/toolchain/risc-v embedded gcc/bin/../lib/gcc/riscv-none-embed/8.2.0/../../../../riscv-none-embed/lib/rv32imacxw/ilp32\libg_nano.a(lib_a-readr.o)
                0x0000000000003cc2                _read_r
 .text._fstat_r
                0x0000000000003cee       0x2a d:/lestoredownload/mounriverstudio/mounriver/mounriver_studio/toolchain/risc-v embedded gcc/bin/../lib/gcc/riscv-none-embed/8.2.0/../../../../riscv-none-embed/lib/rv32imacxw/ilp32\libg_nano.a(lib_a-fstatr.o)
                0x0000000000003cee                _fstat_r
 .text._isatty_r
                0x0000000000003d18       0x28 d:/lestoredownload/mounriverstudio/mounriver/mounriver_studio/toolchain/risc-v embedded gcc/bin/../lib/gcc/riscv-none-embed/8.2.0/../../../../riscv-none-embed/lib/rv32imacxw/ilp32\libg_nano.a(lib_a-isattyr.o)
                0x0000000000003d18                _isatty_r
 .text._malloc_usable_size_r
                0x0000000000003d40       0x14 d:/lestoredownload/mounriverstudio/mounriver/mounriver_studio/toolchain/risc-v embedded gcc/bin/../lib/gcc/riscv-none-embed/8.2.0/../../../../riscv-none-embed/lib/rv32imacxw/ilp32\libg_nano.a(lib_a-nano-msizer.o)
                0x0000000000003d40                _malloc_usable_size_r
 .text._close   0x0000000000003d54        0xc d:/lestoredownload/mounriverstudio/mounriver/mounriver_studio/toolchain/risc-v embedded gcc/bin/../lib/gcc/riscv-none-embed/8.2.0/../../../../riscv-none-embed/lib/rv32imacxw/ilp32\libnosys.a(close.o)
                0x0000000000003d54                _close
 .text._fstat   0x0000000000003d60        0xc d:/lestoredownload/mounriverstudio/mounriver/mounriver_studio/toolchain/risc-v embedded gcc/bin/../lib/gcc/riscv-none-embed/8.2.0/../../../../riscv-none-embed/lib/rv32imacxw/ilp32\libnosys.a(fstat.o)
                0x0000000000003d60                _fstat
 .text._isatty  0x0000000000003d6c        0xc d:/lestoredownload/mounriverstudio/mounriver/mounriver_studio/toolchain/risc-v embedded gcc/bin/../lib/gcc/riscv-none-embed/8.2.0/../../../../riscv-none-embed/lib/rv32imacxw/ilp32\libnosys.a(isatty.o)
                0x0000000000003d6c                _isatty
 .text._lseek   0x0000000000003d78        0xc d:/lestoredownload/mounriverstudio/mounriver/mounriver_studio/toolchain/risc-v embedded gcc/bin/../lib/gcc/riscv-none-embed/8.2.0/../../../../riscv-none-embed/lib/rv32imacxw/ilp32\libnosys.a(lseek.o)
                0x0000000000003d78                _lseek
 .text._read    0x0000000000003d84        0xc d:/lestoredownload/mounriverstudio/mounriver/mounriver_studio/toolchain/risc-v embedded gcc/bin/../lib/gcc/riscv-none-embed/8.2.0/../../../../riscv-none-embed/lib/rv32imacxw/ilp32\libnosys.a(read.o)
                0x0000000000003d84                _read
 *(.rodata)
 *(.rodata*)
 *fill*         0x0000000000003d90        0x0 
 .rodata.main.str1.4
                0x0000000000003d90      0x101 ./User/main.o
 *fill*         0x0000000000003e91        0x3 
 .rodata.string2hexString.str1.4
                0x0000000000003e94        0x5 ./User/main.o
 *fill*         0x0000000000003e99        0x3 
 .rodata.__divsf3
                0x0000000000003e9c       0x80 d:/lestoredownload/mounriverstudio/mounriver/mounriver_studio/toolchain/risc-v embedded gcc/bin/../lib/gcc/riscv-none-embed/8.2.0/rv32imacxw/ilp32\libgcc.a(divsf3.o)
 .rodata.__mulsf3
                0x0000000000003f1c       0x40 d:/lestoredownload/mounriverstudio/mounriver/mounriver_studio/toolchain/risc-v embedded gcc/bin/../lib/gcc/riscv-none-embed/8.2.0/rv32imacxw/ilp32\libgcc.a(mulsf3.o)
 .rodata.__clz_tab
                0x0000000000003f5c      0x100 d:/lestoredownload/mounriverstudio/mounriver/mounriver_studio/toolchain/risc-v embedded gcc/bin/../lib/gcc/riscv-none-embed/8.2.0/rv32imacxw/ilp32\libgcc.a(_clz.o)
                0x0000000000003f5c                __clz_tab
 .rodata.__sf_fake_stderr
                0x000000000000405c       0x20 d:/lestoredownload/mounriverstudio/mounriver/mounriver_studio/toolchain/risc-v embedded gcc/bin/../lib/gcc/riscv-none-embed/8.2.0/../../../../riscv-none-embed/lib/rv32imacxw/ilp32\libg_nano.a(lib_a-findfp.o)
                0x000000000000405c                __sf_fake_stderr
 .rodata.__sf_fake_stdin
                0x000000000000407c       0x20 d:/lestoredownload/mounriverstudio/mounriver/mounriver_studio/toolchain/risc-v embedded gcc/bin/../lib/gcc/riscv-none-embed/8.2.0/../../../../riscv-none-embed/lib/rv32imacxw/ilp32\libg_nano.a(lib_a-findfp.o)
                0x000000000000407c                __sf_fake_stdin
 .rodata.__sf_fake_stdout
                0x000000000000409c       0x20 d:/lestoredownload/mounriverstudio/mounriver/mounriver_studio/toolchain/risc-v embedded gcc/bin/../lib/gcc/riscv-none-embed/8.2.0/../../../../riscv-none-embed/lib/rv32imacxw/ilp32\libg_nano.a(lib_a-findfp.o)
                0x000000000000409c                __sf_fake_stdout
 .rodata._svfprintf_r.str1.4
                0x00000000000040bc       0x13 d:/lestoredownload/mounriverstudio/mounriver/mounriver_studio/toolchain/risc-v embedded gcc/bin/../lib/gcc/riscv-none-embed/8.2.0/../../../../riscv-none-embed/lib/rv32imacxw/ilp32\libg_nano.a(lib_a-nano-svfprintf.o)
 .rodata._vfprintf_r.str1.4
                0x00000000000040cf       0x13 d:/lestoredownload/mounriverstudio/mounriver/mounriver_studio/toolchain/risc-v embedded gcc/bin/../lib/gcc/riscv-none-embed/8.2.0/../../../../riscv-none-embed/lib/rv32imacxw/ilp32\libg_nano.a(lib_a-nano-vfprintf.o)
 *fill*         0x00000000000040cf        0x1 
 .rodata._printf_i.str1.4
                0x00000000000040d0       0x28 d:/lestoredownload/mounriverstudio/mounriver/mounriver_studio/toolchain/risc-v embedded gcc/bin/../lib/gcc/riscv-none-embed/8.2.0/../../../../riscv-none-embed/lib/rv32imacxw/ilp32\libg_nano.a(lib_a-nano-vfprintf_i.o)
                                         0x25 (size before relaxing)
 *(.gnu.linkonce.t.*)
                0x00000000000040f8                . = ALIGN (0x4)

.rela.dyn       0x00000000000040f8        0x0
 .rela.init     0x00000000000040f8        0x0 ./User/ch32v30x_it.o
 .rela.vector   0x00000000000040f8        0x0 ./User/ch32v30x_it.o
 .rela.text.handle_reset
                0x00000000000040f8        0x0 ./User/ch32v30x_it.o
 .rela.text._sbrk
                0x00000000000040f8        0x0 ./User/ch32v30x_it.o
 .rela.sdata.curbrk.5220
                0x00000000000040f8        0x0 ./User/ch32v30x_it.o
 .rela.text._svfprintf_r
                0x00000000000040f8        0x0 ./User/ch32v30x_it.o
 .rela.text._vfprintf_r
                0x00000000000040f8        0x0 ./User/ch32v30x_it.o
 .rela.text._sbrk_r
                0x00000000000040f8        0x0 ./User/ch32v30x_it.o
 .rela.text._write_r
                0x00000000000040f8        0x0 ./User/ch32v30x_it.o
 .rela.text._close_r
                0x00000000000040f8        0x0 ./User/ch32v30x_it.o
 .rela.text._lseek_r
                0x00000000000040f8        0x0 ./User/ch32v30x_it.o
 .rela.text._read_r
                0x00000000000040f8        0x0 ./User/ch32v30x_it.o
 .rela.text._fstat_r
                0x00000000000040f8        0x0 ./User/ch32v30x_it.o
 .rela.text._isatty_r
                0x00000000000040f8        0x0 ./User/ch32v30x_it.o
 .rela.text._close
                0x00000000000040f8        0x0 ./User/ch32v30x_it.o
 .rela.text._fstat
                0x00000000000040f8        0x0 ./User/ch32v30x_it.o
 .rela.text._isatty
                0x00000000000040f8        0x0 ./User/ch32v30x_it.o
 .rela.text._lseek
                0x00000000000040f8        0x0 ./User/ch32v30x_it.o
 .rela.text._read
                0x00000000000040f8        0x0 ./User/ch32v30x_it.o

.fini           0x00000000000040f8        0x0
 *(SORT_NONE(.fini))
                0x00000000000040f8                . = ALIGN (0x4)
                [!provide]                        PROVIDE (_etext = .)
                [!provide]                        PROVIDE (_eitcm = .)

.preinit_array  0x00000000000040f8        0x0
                [!provide]                        PROVIDE (__preinit_array_start = .)
 *(.preinit_array)
                [!provide]                        PROVIDE (__preinit_array_end = .)

.init_array     0x00000000000040f8        0x0
                [!provide]                        PROVIDE (__init_array_start = .)
 *(SORT_BY_INIT_PRIORITY(.init_array.*) SORT_BY_INIT_PRIORITY(.ctors.*))
 *(.init_array EXCLUDE_FILE(*crtend?.o *crtend.o *crtbegin?.o *crtbegin.o) .ctors)
                [!provide]                        PROVIDE (__init_array_end = .)

.fini_array     0x00000000000040f8        0x0
                [!provide]                        PROVIDE (__fini_array_start = .)
 *(SORT_BY_INIT_PRIORITY(.fini_array.*) SORT_BY_INIT_PRIORITY(.dtors.*))
 *(.fini_array EXCLUDE_FILE(*crtend?.o *crtend.o *crtbegin?.o *crtbegin.o) .dtors)
                [!provide]                        PROVIDE (__fini_array_end = .)

.ctors
 *crtbegin.o(.ctors)
 *crtbegin?.o(.ctors)
 *(EXCLUDE_FILE(*crtend?.o *crtend.o) .ctors)
 *(SORT_BY_NAME(.ctors.*))
 *(.ctors)

.dtors
 *crtbegin.o(.dtors)
 *crtbegin?.o(.dtors)
 *(EXCLUDE_FILE(*crtend?.o *crtend.o) .dtors)
 *(SORT_BY_NAME(.dtors.*))
 *(.dtors)

.dalign         0x0000000020000000        0x0 load address 0x00000000000040f8
                0x0000000020000000                . = ALIGN (0x4)
                0x0000000020000000                PROVIDE (_data_vma = .)

.dlalign        0x00000000000040f8        0x0
                0x00000000000040f8                . = ALIGN (0x4)
                0x00000000000040f8                PROVIDE (_data_lma = .)

.data           0x0000000020000000      0x100 load address 0x00000000000040f8
 *(.gnu.linkonce.r.*)
 *(.data .data.*)
 .data.TxBuffer2
                0x0000000020000000       0x2f ./User/main.o
                0x0000000020000000                TxBuffer2
 *fill*         0x000000002000002f        0x1 
 .data.p5       0x0000000020000030       0x14 ./User/main.o
                0x0000000020000030                p5
 .data.APBAHBPrescTable
                0x0000000020000044       0x10 ./Peripheral/src/ch32v30x_rcc.o
 .data.impure_data
                0x0000000020000054       0x60 d:/lestoredownload/mounriverstudio/mounriver/mounriver_studio/toolchain/risc-v embedded gcc/bin/../lib/gcc/riscv-none-embed/8.2.0/../../../../riscv-none-embed/lib/rv32imacxw/ilp32\libg_nano.a(lib_a-impure.o)
 *(.gnu.linkonce.d.*)
                0x00000000200000b8                . = ALIGN (0x8)
 *fill*         0x00000000200000b4        0x4 
                0x00000000200008b8                PROVIDE (__global_pointer$ = (. + 0x800))
 *(.sdata .sdata.*)
 .sdata.Probe1_Dry_Fre
                0x00000000200000b8        0x4 ./User/main.o
                0x00000000200000b8                Probe1_Dry_Fre
 .sdata.Probe1_Wet_Fre
                0x00000000200000bc        0x4 ./User/main.o
                0x00000000200000bc                Probe1_Wet_Fre
 .sdata.Probe2_Dry_Fre
                0x00000000200000c0        0x4 ./User/main.o
                0x00000000200000c0                Probe2_Dry_Fre
 .sdata.Probe2_Wet_Fre
                0x00000000200000c4        0x4 ./User/main.o
                0x00000000200000c4                Probe2_Wet_Fre
 .sdata.Probe3_Dry_Fre
                0x00000000200000c8        0x4 ./User/main.o
                0x00000000200000c8                Probe3_Dry_Fre
 .sdata.Probe3_Wet_Fre
                0x00000000200000cc        0x4 ./User/main.o
                0x00000000200000cc                Probe3_Wet_Fre
 .sdata.SoilDryMoisture
                0x00000000200000d0        0x4 ./User/main.o
                0x00000000200000d0                SoilDryMoisture
 .sdata.SoilWetMoisture
                0x00000000200000d4        0x4 ./User/main.o
                0x00000000200000d4                SoilWetMoisture
 .sdata.String_Power
                0x00000000200000d8        0x4 ./User/main.o
                0x00000000200000d8                String_Power
 .sdata.String_Probe1_Moisture
                0x00000000200000dc        0x4 ./User/main.o
                0x00000000200000dc                String_Probe1_Moisture
 .sdata.String_Probe2_Moisture
                0x00000000200000e0        0x4 ./User/main.o
                0x00000000200000e0                String_Probe2_Moisture
 .sdata.String_Probe3_Moisture
                0x00000000200000e4        0x4 ./User/main.o
                0x00000000200000e4                String_Probe3_Moisture
 .sdata.String_Waterlevel
                0x00000000200000e8        0x4 ./User/main.o
                0x00000000200000e8                String_Waterlevel
 .sdata.SystemCoreClock
                0x00000000200000ec        0x4 ./User/system_ch32v30x.o
                0x00000000200000ec                SystemCoreClock
 .sdata.ADCPrescTable
                0x00000000200000f0        0x4 ./Peripheral/src/ch32v30x_rcc.o
 .sdata.curbrk.5220
                0x00000000200000f4        0x4 ./Debug/debug.o
 .sdata._impure_ptr
                0x00000000200000f8        0x4 d:/lestoredownload/mounriverstudio/mounriver/mounriver_studio/toolchain/risc-v embedded gcc/bin/../lib/gcc/riscv-none-embed/8.2.0/../../../../riscv-none-embed/lib/rv32imacxw/ilp32\libg_nano.a(lib_a-impure.o)
                0x00000000200000f8                _impure_ptr
 *(.sdata2.*)
 .sdata2._global_impure_ptr
                0x00000000200000fc        0x4 d:/lestoredownload/mounriverstudio/mounriver/mounriver_studio/toolchain/risc-v embedded gcc/bin/../lib/gcc/riscv-none-embed/8.2.0/../../../../riscv-none-embed/lib/rv32imacxw/ilp32\libg_nano.a(lib_a-impure.o)
                0x00000000200000fc                _global_impure_ptr
 *(.gnu.linkonce.s.*)
                0x0000000020000100                . = ALIGN (0x8)
 *(.srodata.cst16)
 *(.srodata.cst8)
 *(.srodata.cst4)
 *(.srodata.cst2)
 *(.srodata .srodata.*)
                0x0000000020000100                . = ALIGN (0x4)
                0x0000000020000100                PROVIDE (_edata = .)

.bss            0x0000000020000100      0x3ac load address 0x00000000000041f8
                0x0000000020000100                . = ALIGN (0x4)
                0x0000000020000100                PROVIDE (_sbss = .)
 *(.sbss*)
 .sbss.TIM1_CAPTURE_VAL
                0x0000000020000100        0x4 ./User/ch32v30x_it.o
                0x0000000020000100                TIM1_CAPTURE_VAL
 .sbss.Calibrattion_Val
                0x0000000020000104        0x2 ./User/main.o
                0x0000000020000104                Calibrattion_Val
 *fill*         0x0000000020000106        0x2 
 .sbss.Fre1     0x0000000020000108        0x4 ./User/main.o
                0x0000000020000108                Fre1
 .sbss.Fre2     0x000000002000010c        0x4 ./User/main.o
                0x000000002000010c                Fre2
 .sbss.Fre3     0x0000000020000110        0x4 ./User/main.o
                0x0000000020000110                Fre3
 .sbss.Frequence_Ave
                0x0000000020000114        0x4 ./User/main.o
                0x0000000020000114                Frequence_Ave
 .sbss.Frequense
                0x0000000020000118        0x4 ./User/main.o
                0x0000000020000118                Frequense
 .sbss.Power    0x000000002000011c        0x4 ./User/main.o
                0x000000002000011c                Power
 .sbss.Probe1_Moisture
                0x0000000020000120        0x4 ./User/main.o
                0x0000000020000120                Probe1_Moisture
 .sbss.Probe2_Moisture
                0x0000000020000124        0x4 ./User/main.o
                0x0000000020000124                Probe2_Moisture
 .sbss.Probe3_Moisture
                0x0000000020000128        0x4 ./User/main.o
                0x0000000020000128                Probe3_Moisture
 .sbss.Probe_k1
                0x000000002000012c        0x4 ./User/main.o
                0x000000002000012c                Probe_k1
 .sbss.Probe_k2
                0x0000000020000130        0x4 ./User/main.o
                0x0000000020000130                Probe_k2
 .sbss.Probe_k3
                0x0000000020000134        0x4 ./User/main.o
                0x0000000020000134                Probe_k3
 .sbss.Waterlevel
                0x0000000020000138        0x4 ./User/main.o
                0x0000000020000138                Waterlevel
 .sbss.lengString1
                0x000000002000013c        0x4 ./User/main.o
                0x000000002000013c                lengString1
 .sbss.lengString2
                0x0000000020000140        0x4 ./User/main.o
                0x0000000020000140                lengString2
 .sbss.lengString3
                0x0000000020000144        0x4 ./User/main.o
                0x0000000020000144                lengString3
 .sbss.NVIC_Priority_Group
                0x0000000020000148        0x4 ./Peripheral/src/ch32v30x_misc.o
                0x0000000020000148                NVIC_Priority_Group
 .sbss.p_ms     0x000000002000014c        0x2 ./Debug/debug.o
 .sbss.p_us     0x000000002000014e        0x1 ./Debug/debug.o
 *fill*         0x000000002000014f        0x1 
 .sbss.__malloc_free_list
                0x0000000020000150        0x4 d:/lestoredownload/mounriverstudio/mounriver/mounriver_studio/toolchain/risc-v embedded gcc/bin/../lib/gcc/riscv-none-embed/8.2.0/../../../../riscv-none-embed/lib/rv32imacxw/ilp32\libg_nano.a(lib_a-nano-mallocr.o)
                0x0000000020000150                __malloc_free_list
 .sbss.__malloc_sbrk_start
                0x0000000020000154        0x4 d:/lestoredownload/mounriverstudio/mounriver/mounriver_studio/toolchain/risc-v embedded gcc/bin/../lib/gcc/riscv-none-embed/8.2.0/../../../../riscv-none-embed/lib/rv32imacxw/ilp32\libg_nano.a(lib_a-nano-mallocr.o)
                0x0000000020000154                __malloc_sbrk_start
 *(.gnu.linkonce.sb.*)
 *(.bss*)
 .bss.Frequence_Arr
                0x0000000020000158       0xc8 ./User/main.o
                0x0000000020000158                Frequence_Arr
 .bss.RxBuffer2
                0x0000000020000220       0x2f ./User/main.o
                0x0000000020000220                RxBuffer2
 *fill*         0x000000002000024f        0x1 
 .bss.p1        0x0000000020000250       0x64 ./User/main.o
                0x0000000020000250                p1
 .bss.p2        0x00000000200002b4       0x64 ./User/main.o
                0x00000000200002b4                p2
 .bss.p3        0x0000000020000318       0x64 ./User/main.o
                0x0000000020000318                p3
 .bss.p4        0x000000002000037c       0x64 ./User/main.o
                0x000000002000037c                p4
 .bss.p6        0x00000000200003e0       0x64 ./User/main.o
                0x00000000200003e0                p6
 .bss.p7        0x0000000020000444       0x64 ./User/main.o
                0x0000000020000444                p7
 *(.gnu.linkonce.b.*)
 *(COMMON*)
 COMMON         0x00000000200004a8        0x4 d:/lestoredownload/mounriverstudio/mounriver/mounriver_studio/toolchain/risc-v embedded gcc/bin/../lib/gcc/riscv-none-embed/8.2.0/../../../../riscv-none-embed/lib/rv32imacxw/ilp32\libg_nano.a(lib_a-reent.o)
                0x00000000200004a8                errno
                0x00000000200004ac                . = ALIGN (0x4)
                0x00000000200004ac                PROVIDE (_ebss = .)
                0x00000000200004ac                PROVIDE (_end = _ebss)
                [!provide]                        PROVIDE (end = .)

.stack          0x0000000020007800      0x800
                0x0000000020007800                PROVIDE (_heap_end = .)
                0x0000000020007800                . = ALIGN (0x4)
                [!provide]                        PROVIDE (_susrstack = .)
                0x0000000020008000                . = (. + __stack_size)
 *fill*         0x0000000020007800      0x800 
                0x0000000020008000                PROVIDE (_eusrstack = .)
OUTPUT(ADC_DMA.elf elf32-littleriscv)

.debug_info     0x0000000000000000     0xe9ff
 .debug_info    0x0000000000000000      0xcd2 ./User/ch32v30x_it.o
 .debug_info    0x0000000000000cd2     0x2ac1 ./User/main.o
 .debug_info    0x0000000000003793      0xb89 ./User/system_ch32v30x.o
 .debug_info    0x000000000000431c       0x22 ./Startup/startup_ch32v30x_D8C.o
 .debug_info    0x000000000000433e     0x16e9 ./Peripheral/src/ch32v30x_adc.o
 .debug_info    0x0000000000005a27      0xd13 ./Peripheral/src/ch32v30x_dma.o
 .debug_info    0x000000000000673a     0x1093 ./Peripheral/src/ch32v30x_gpio.o
 .debug_info    0x00000000000077cd      0xf72 ./Peripheral/src/ch32v30x_misc.o
 .debug_info    0x000000000000873f     0x156e ./Peripheral/src/ch32v30x_rcc.o
 .debug_info    0x0000000000009cad     0x2a16 ./Peripheral/src/ch32v30x_tim.o
 .debug_info    0x000000000000c6c3     0x1420 ./Peripheral/src/ch32v30x_usart.o
 .debug_info    0x000000000000dae3      0xf1c ./Debug/debug.o

.debug_abbrev   0x0000000000000000     0x237c
 .debug_abbrev  0x0000000000000000      0x272 ./User/ch32v30x_it.o
 .debug_abbrev  0x0000000000000272      0x42a ./User/main.o
 .debug_abbrev  0x000000000000069c      0x2c0 ./User/system_ch32v30x.o
 .debug_abbrev  0x000000000000095c       0x12 ./Startup/startup_ch32v30x_D8C.o
 .debug_abbrev  0x000000000000096e      0x3a9 ./Peripheral/src/ch32v30x_adc.o
 .debug_abbrev  0x0000000000000d17      0x2fd ./Peripheral/src/ch32v30x_dma.o
 .debug_abbrev  0x0000000000001014      0x309 ./Peripheral/src/ch32v30x_gpio.o
 .debug_abbrev  0x000000000000131d      0x2fb ./Peripheral/src/ch32v30x_misc.o
 .debug_abbrev  0x0000000000001618      0x351 ./Peripheral/src/ch32v30x_rcc.o
 .debug_abbrev  0x0000000000001969      0x408 ./Peripheral/src/ch32v30x_tim.o
 .debug_abbrev  0x0000000000001d71      0x312 ./Peripheral/src/ch32v30x_usart.o
 .debug_abbrev  0x0000000000002083      0x2f9 ./Debug/debug.o

.debug_aranges  0x0000000000000000      0x968
 .debug_aranges
                0x0000000000000000       0x30 ./User/ch32v30x_it.o
 .debug_aranges
                0x0000000000000030       0xa0 ./User/main.o
 .debug_aranges
                0x00000000000000d0       0x28 ./User/system_ch32v30x.o
 .debug_aranges
                0x00000000000000f8       0x30 ./Startup/startup_ch32v30x_D8C.o
 .debug_aranges
                0x0000000000000128      0x150 ./Peripheral/src/ch32v30x_adc.o
 .debug_aranges
                0x0000000000000278       0x60 ./Peripheral/src/ch32v30x_dma.o
 .debug_aranges
                0x00000000000002d8       0xa8 ./Peripheral/src/ch32v30x_gpio.o
 .debug_aranges
                0x0000000000000380       0x28 ./Peripheral/src/ch32v30x_misc.o
 .debug_aranges
                0x00000000000003a8      0x1a8 ./Peripheral/src/ch32v30x_rcc.o
 .debug_aranges
                0x0000000000000550      0x2d0 ./Peripheral/src/ch32v30x_tim.o
 .debug_aranges
                0x0000000000000820      0x100 ./Peripheral/src/ch32v30x_usart.o
 .debug_aranges
                0x0000000000000920       0x48 ./Debug/debug.o

.debug_ranges   0x0000000000000000      0x930
 .debug_ranges  0x0000000000000000       0x20 ./User/ch32v30x_it.o
 .debug_ranges  0x0000000000000020       0x90 ./User/main.o
 .debug_ranges  0x00000000000000b0       0x38 ./User/system_ch32v30x.o
 .debug_ranges  0x00000000000000e8       0x28 ./Startup/startup_ch32v30x_D8C.o
 .debug_ranges  0x0000000000000110      0x140 ./Peripheral/src/ch32v30x_adc.o
 .debug_ranges  0x0000000000000250       0x50 ./Peripheral/src/ch32v30x_dma.o
 .debug_ranges  0x00000000000002a0       0x98 ./Peripheral/src/ch32v30x_gpio.o
 .debug_ranges  0x0000000000000338       0x48 ./Peripheral/src/ch32v30x_misc.o
 .debug_ranges  0x0000000000000380      0x198 ./Peripheral/src/ch32v30x_rcc.o
 .debug_ranges  0x0000000000000518      0x2f0 ./Peripheral/src/ch32v30x_tim.o
 .debug_ranges  0x0000000000000808       0xf0 ./Peripheral/src/ch32v30x_usart.o
 .debug_ranges  0x00000000000008f8       0x38 ./Debug/debug.o

.debug_line     0x0000000000000000     0xc7b8
 .debug_line    0x0000000000000000      0x3e7 ./User/ch32v30x_it.o
 .debug_line    0x00000000000003e7     0x19ce ./User/main.o
 .debug_line    0x0000000000001db5      0x7e0 ./User/system_ch32v30x.o
 .debug_line    0x0000000000002595      0x394 ./Startup/startup_ch32v30x_D8C.o
 .debug_line    0x0000000000002929     0x1938 ./Peripheral/src/ch32v30x_adc.o
 .debug_line    0x0000000000004261      0xa9c ./Peripheral/src/ch32v30x_dma.o
 .debug_line    0x0000000000004cfd      0xe0f ./Peripheral/src/ch32v30x_gpio.o
 .debug_line    0x0000000000005b0c      0x59c ./Peripheral/src/ch32v30x_misc.o
 .debug_line    0x00000000000060a8     0x1a54 ./Peripheral/src/ch32v30x_rcc.o
 .debug_line    0x0000000000007afc     0x33c1 ./Peripheral/src/ch32v30x_tim.o
 .debug_line    0x000000000000aebd     0x112e ./Peripheral/src/ch32v30x_usart.o
 .debug_line    0x000000000000bfeb      0x7cd ./Debug/debug.o

.debug_str      0x0000000000000000     0x363b
 .debug_str     0x0000000000000000      0x727 ./User/ch32v30x_it.o
                                        0x7a3 (size before relaxing)
 .debug_str     0x0000000000000727     0x1157 ./User/main.o
                                       0x18ec (size before relaxing)
 .debug_str     0x000000000000187e      0x10b ./User/system_ch32v30x.o
                                        0x6dd (size before relaxing)
 .debug_str     0x0000000000001989       0x6c ./Startup/startup_ch32v30x_D8C.o
                                         0xb9 (size before relaxing)
 .debug_str     0x00000000000019f5      0x414 ./Peripheral/src/ch32v30x_adc.o
                                        0xc66 (size before relaxing)
 .debug_str     0x0000000000001e09      0x131 ./Peripheral/src/ch32v30x_dma.o
                                        0x842 (size before relaxing)
 .debug_str     0x0000000000001f3a      0x253 ./Peripheral/src/ch32v30x_gpio.o
                                        0x9c0 (size before relaxing)
 .debug_str     0x000000000000218d      0x138 ./Peripheral/src/ch32v30x_misc.o
                                        0xd1a (size before relaxing)
 .debug_str     0x00000000000022c5      0x5cb ./Peripheral/src/ch32v30x_rcc.o
                                        0xd19 (size before relaxing)
 .debug_str     0x0000000000002890      0x964 ./Peripheral/src/ch32v30x_tim.o
                                       0x12ca (size before relaxing)
 .debug_str     0x00000000000031f4      0x39e ./Peripheral/src/ch32v30x_usart.o
                                        0xb66 (size before relaxing)
 .debug_str     0x0000000000003592       0xa9 ./Debug/debug.o
                                        0x94e (size before relaxing)

.comment        0x0000000000000000       0x33
 .comment       0x0000000000000000       0x33 ./User/ch32v30x_it.o
                                         0x34 (size before relaxing)
 .comment       0x0000000000000033       0x34 ./User/main.o
 .comment       0x0000000000000033       0x34 ./User/system_ch32v30x.o
 .comment       0x0000000000000033       0x34 ./Peripheral/src/ch32v30x_adc.o
 .comment       0x0000000000000033       0x34 ./Peripheral/src/ch32v30x_dma.o
 .comment       0x0000000000000033       0x34 ./Peripheral/src/ch32v30x_gpio.o
 .comment       0x0000000000000033       0x34 ./Peripheral/src/ch32v30x_misc.o
 .comment       0x0000000000000033       0x34 ./Peripheral/src/ch32v30x_rcc.o
 .comment       0x0000000000000033       0x34 ./Peripheral/src/ch32v30x_tim.o
 .comment       0x0000000000000033       0x34 ./Peripheral/src/ch32v30x_usart.o
 .comment       0x0000000000000033       0x34 ./Debug/debug.o

.debug_frame    0x0000000000000000     0x2060
 .debug_frame   0x0000000000000000       0x4c ./User/ch32v30x_it.o
 .debug_frame   0x000000000000004c      0x288 ./User/main.o
 .debug_frame   0x00000000000002d4       0x3c ./User/system_ch32v30x.o
 .debug_frame   0x0000000000000310      0x2b4 ./Peripheral/src/ch32v30x_adc.o
 .debug_frame   0x00000000000005c4       0xd8 ./Peripheral/src/ch32v30x_dma.o
 .debug_frame   0x000000000000069c      0x148 ./Peripheral/src/ch32v30x_gpio.o
 .debug_frame   0x00000000000007e4       0x30 ./Peripheral/src/ch32v30x_misc.o
 .debug_frame   0x0000000000000814      0x344 ./Peripheral/src/ch32v30x_rcc.o
 .debug_frame   0x0000000000000b58      0x614 ./Peripheral/src/ch32v30x_tim.o
 .debug_frame   0x000000000000116c      0x204 ./Peripheral/src/ch32v30x_usart.o
 .debug_frame   0x0000000000001370       0x9c ./Debug/debug.o
 .debug_frame   0x000000000000140c       0x40 d:/lestoredownload/mounriverstudio/mounriver/mounriver_studio/toolchain/risc-v embedded gcc/bin/../lib/gcc/riscv-none-embed/8.2.0/rv32imacxw/ilp32\libgcc.a(addsf3.o)
 .debug_frame   0x000000000000144c       0x50 d:/lestoredownload/mounriverstudio/mounriver/mounriver_studio/toolchain/risc-v embedded gcc/bin/../lib/gcc/riscv-none-embed/8.2.0/rv32imacxw/ilp32\libgcc.a(divsf3.o)
 .debug_frame   0x000000000000149c       0x50 d:/lestoredownload/mounriverstudio/mounriver/mounriver_studio/toolchain/risc-v embedded gcc/bin/../lib/gcc/riscv-none-embed/8.2.0/rv32imacxw/ilp32\libgcc.a(mulsf3.o)
 .debug_frame   0x00000000000014ec       0x3c d:/lestoredownload/mounriverstudio/mounriver/mounriver_studio/toolchain/risc-v embedded gcc/bin/../lib/gcc/riscv-none-embed/8.2.0/rv32imacxw/ilp32\libgcc.a(subsf3.o)
 .debug_frame   0x0000000000001528       0x38 d:/lestoredownload/mounriverstudio/mounriver/mounriver_studio/toolchain/risc-v embedded gcc/bin/../lib/gcc/riscv-none-embed/8.2.0/rv32imacxw/ilp32\libgcc.a(floatsisf.o)
 .debug_frame   0x0000000000001560       0x38 d:/lestoredownload/mounriverstudio/mounriver/mounriver_studio/toolchain/risc-v embedded gcc/bin/../lib/gcc/riscv-none-embed/8.2.0/rv32imacxw/ilp32\libgcc.a(extendsfdf2.o)
 .debug_frame   0x0000000000001598       0x20 d:/lestoredownload/mounriverstudio/mounriver/mounriver_studio/toolchain/risc-v embedded gcc/bin/../lib/gcc/riscv-none-embed/8.2.0/rv32imacxw/ilp32\libgcc.a(_clzsi2.o)
 .debug_frame   0x00000000000015b8       0x54 d:/lestoredownload/mounriverstudio/mounriver/mounriver_studio/toolchain/risc-v embedded gcc/bin/../lib/gcc/riscv-none-embed/8.2.0/../../../../riscv-none-embed/lib/rv32imacxw/ilp32\libg_nano.a(lib_a-printf.o)
 .debug_frame   0x000000000000160c       0x48 d:/lestoredownload/mounriverstudio/mounriver/mounriver_studio/toolchain/risc-v embedded gcc/bin/../lib/gcc/riscv-none-embed/8.2.0/../../../../riscv-none-embed/lib/rv32imacxw/ilp32\libg_nano.a(lib_a-sprintf.o)
 .debug_frame   0x0000000000001654       0x20 d:/lestoredownload/mounriverstudio/mounriver/mounriver_studio/toolchain/risc-v embedded gcc/bin/../lib/gcc/riscv-none-embed/8.2.0/../../../../riscv-none-embed/lib/rv32imacxw/ilp32\libg_nano.a(lib_a-strlen.o)
 .debug_frame   0x0000000000001674      0x148 d:/lestoredownload/mounriverstudio/mounriver/mounriver_studio/toolchain/risc-v embedded gcc/bin/../lib/gcc/riscv-none-embed/8.2.0/../../../../riscv-none-embed/lib/rv32imacxw/ilp32\libg_nano.a(lib_a-findfp.o)
 .debug_frame   0x00000000000017bc       0x88 d:/lestoredownload/mounriverstudio/mounriver/mounriver_studio/toolchain/risc-v embedded gcc/bin/../lib/gcc/riscv-none-embed/8.2.0/../../../../riscv-none-embed/lib/rv32imacxw/ilp32\libg_nano.a(lib_a-fwalk.o)
 .debug_frame   0x0000000000001844       0x40 d:/lestoredownload/mounriverstudio/mounriver/mounriver_studio/toolchain/risc-v embedded gcc/bin/../lib/gcc/riscv-none-embed/8.2.0/../../../../riscv-none-embed/lib/rv32imacxw/ilp32\libg_nano.a(lib_a-nano-mallocr.o)
 .debug_frame   0x0000000000001884       0xe0 d:/lestoredownload/mounriverstudio/mounriver/mounriver_studio/toolchain/risc-v embedded gcc/bin/../lib/gcc/riscv-none-embed/8.2.0/../../../../riscv-none-embed/lib/rv32imacxw/ilp32\libg_nano.a(lib_a-nano-svfprintf.o)
 .debug_frame   0x0000000000001964       0xd0 d:/lestoredownload/mounriverstudio/mounriver/mounriver_studio/toolchain/risc-v embedded gcc/bin/../lib/gcc/riscv-none-embed/8.2.0/../../../../riscv-none-embed/lib/rv32imacxw/ilp32\libg_nano.a(lib_a-nano-vfprintf.o)
 .debug_frame   0x0000000000001a34       0x8c d:/lestoredownload/mounriverstudio/mounriver/mounriver_studio/toolchain/risc-v embedded gcc/bin/../lib/gcc/riscv-none-embed/8.2.0/../../../../riscv-none-embed/lib/rv32imacxw/ilp32\libg_nano.a(lib_a-nano-vfprintf_i.o)
 .debug_frame   0x0000000000001ac0       0x30 d:/lestoredownload/mounriverstudio/mounriver/mounriver_studio/toolchain/risc-v embedded gcc/bin/../lib/gcc/riscv-none-embed/8.2.0/../../../../riscv-none-embed/lib/rv32imacxw/ilp32\libg_nano.a(lib_a-sbrkr.o)
 .debug_frame   0x0000000000001af0       0xa4 d:/lestoredownload/mounriverstudio/mounriver/mounriver_studio/toolchain/risc-v embedded gcc/bin/../lib/gcc/riscv-none-embed/8.2.0/../../../../riscv-none-embed/lib/rv32imacxw/ilp32\libg_nano.a(lib_a-stdio.o)
 .debug_frame   0x0000000000001b94       0x50 d:/lestoredownload/mounriverstudio/mounriver/mounriver_studio/toolchain/risc-v embedded gcc/bin/../lib/gcc/riscv-none-embed/8.2.0/../../../../riscv-none-embed/lib/rv32imacxw/ilp32\libg_nano.a(lib_a-wbuf.o)
 .debug_frame   0x0000000000001be4       0x30 d:/lestoredownload/mounriverstudio/mounriver/mounriver_studio/toolchain/risc-v embedded gcc/bin/../lib/gcc/riscv-none-embed/8.2.0/../../../../riscv-none-embed/lib/rv32imacxw/ilp32\libg_nano.a(lib_a-writer.o)
 .debug_frame   0x0000000000001c14       0x3c d:/lestoredownload/mounriverstudio/mounriver/mounriver_studio/toolchain/risc-v embedded gcc/bin/../lib/gcc/riscv-none-embed/8.2.0/../../../../riscv-none-embed/lib/rv32imacxw/ilp32\libg_nano.a(lib_a-wsetup.o)
 .debug_frame   0x0000000000001c50       0x30 d:/lestoredownload/mounriverstudio/mounriver/mounriver_studio/toolchain/risc-v embedded gcc/bin/../lib/gcc/riscv-none-embed/8.2.0/../../../../riscv-none-embed/lib/rv32imacxw/ilp32\libg_nano.a(lib_a-closer.o)
 .debug_frame   0x0000000000001c80       0x7c d:/lestoredownload/mounriverstudio/mounriver/mounriver_studio/toolchain/risc-v embedded gcc/bin/../lib/gcc/riscv-none-embed/8.2.0/../../../../riscv-none-embed/lib/rv32imacxw/ilp32\libg_nano.a(lib_a-fflush.o)
 .debug_frame   0x0000000000001cfc       0x30 d:/lestoredownload/mounriverstudio/mounriver/mounriver_studio/toolchain/risc-v embedded gcc/bin/../lib/gcc/riscv-none-embed/8.2.0/../../../../riscv-none-embed/lib/rv32imacxw/ilp32\libg_nano.a(lib_a-lseekr.o)
 .debug_frame   0x0000000000001d2c       0x64 d:/lestoredownload/mounriverstudio/mounriver/mounriver_studio/toolchain/risc-v embedded gcc/bin/../lib/gcc/riscv-none-embed/8.2.0/../../../../riscv-none-embed/lib/rv32imacxw/ilp32\libg_nano.a(lib_a-makebuf.o)
 .debug_frame   0x0000000000001d90       0x20 d:/lestoredownload/mounriverstudio/mounriver/mounriver_studio/toolchain/risc-v embedded gcc/bin/../lib/gcc/riscv-none-embed/8.2.0/../../../../riscv-none-embed/lib/rv32imacxw/ilp32\libg_nano.a(lib_a-memchr.o)
 .debug_frame   0x0000000000001db0       0x20 d:/lestoredownload/mounriverstudio/mounriver/mounriver_studio/toolchain/risc-v embedded gcc/bin/../lib/gcc/riscv-none-embed/8.2.0/../../../../riscv-none-embed/lib/rv32imacxw/ilp32\libg_nano.a(lib_a-memcpy.o)
 .debug_frame   0x0000000000001dd0       0x20 d:/lestoredownload/mounriverstudio/mounriver/mounriver_studio/toolchain/risc-v embedded gcc/bin/../lib/gcc/riscv-none-embed/8.2.0/../../../../riscv-none-embed/lib/rv32imacxw/ilp32\libg_nano.a(lib_a-memmove.o)
 .debug_frame   0x0000000000001df0       0x30 d:/lestoredownload/mounriverstudio/mounriver/mounriver_studio/toolchain/risc-v embedded gcc/bin/../lib/gcc/riscv-none-embed/8.2.0/../../../../riscv-none-embed/lib/rv32imacxw/ilp32\libg_nano.a(lib_a-mlock.o)
 .debug_frame   0x0000000000001e20       0x40 d:/lestoredownload/mounriverstudio/mounriver/mounriver_studio/toolchain/risc-v embedded gcc/bin/../lib/gcc/riscv-none-embed/8.2.0/../../../../riscv-none-embed/lib/rv32imacxw/ilp32\libg_nano.a(lib_a-nano-freer.o)
 .debug_frame   0x0000000000001e60       0x40 d:/lestoredownload/mounriverstudio/mounriver/mounriver_studio/toolchain/risc-v embedded gcc/bin/../lib/gcc/riscv-none-embed/8.2.0/../../../../riscv-none-embed/lib/rv32imacxw/ilp32\libg_nano.a(lib_a-nano-reallocr.o)
 .debug_frame   0x0000000000001ea0       0x30 d:/lestoredownload/mounriverstudio/mounriver/mounriver_studio/toolchain/risc-v embedded gcc/bin/../lib/gcc/riscv-none-embed/8.2.0/../../../../riscv-none-embed/lib/rv32imacxw/ilp32\libg_nano.a(lib_a-readr.o)
 .debug_frame   0x0000000000001ed0       0x70 d:/lestoredownload/mounriverstudio/mounriver/mounriver_studio/toolchain/risc-v embedded gcc/bin/../lib/gcc/riscv-none-embed/8.2.0/../../../../riscv-none-embed/lib/rv32imacxw/ilp32\libg_nano.a(lib_a-reent.o)
 .debug_frame   0x0000000000001f40       0x30 d:/lestoredownload/mounriverstudio/mounriver/mounriver_studio/toolchain/risc-v embedded gcc/bin/../lib/gcc/riscv-none-embed/8.2.0/../../../../riscv-none-embed/lib/rv32imacxw/ilp32\libg_nano.a(lib_a-fstatr.o)
 .debug_frame   0x0000000000001f70       0x30 d:/lestoredownload/mounriverstudio/mounriver/mounriver_studio/toolchain/risc-v embedded gcc/bin/../lib/gcc/riscv-none-embed/8.2.0/../../../../riscv-none-embed/lib/rv32imacxw/ilp32\libg_nano.a(lib_a-isattyr.o)
 .debug_frame   0x0000000000001fa0       0x20 d:/lestoredownload/mounriverstudio/mounriver/mounriver_studio/toolchain/risc-v embedded gcc/bin/../lib/gcc/riscv-none-embed/8.2.0/../../../../riscv-none-embed/lib/rv32imacxw/ilp32\libg_nano.a(lib_a-nano-msizer.o)
 .debug_frame   0x0000000000001fc0       0x20 d:/lestoredownload/mounriverstudio/mounriver/mounriver_studio/toolchain/risc-v embedded gcc/bin/../lib/gcc/riscv-none-embed/8.2.0/../../../../riscv-none-embed/lib/rv32imacxw/ilp32\libnosys.a(close.o)
 .debug_frame   0x0000000000001fe0       0x20 d:/lestoredownload/mounriverstudio/mounriver/mounriver_studio/toolchain/risc-v embedded gcc/bin/../lib/gcc/riscv-none-embed/8.2.0/../../../../riscv-none-embed/lib/rv32imacxw/ilp32\libnosys.a(fstat.o)
 .debug_frame   0x0000000000002000       0x20 d:/lestoredownload/mounriverstudio/mounriver/mounriver_studio/toolchain/risc-v embedded gcc/bin/../lib/gcc/riscv-none-embed/8.2.0/../../../../riscv-none-embed/lib/rv32imacxw/ilp32\libnosys.a(isatty.o)
 .debug_frame   0x0000000000002020       0x20 d:/lestoredownload/mounriverstudio/mounriver/mounriver_studio/toolchain/risc-v embedded gcc/bin/../lib/gcc/riscv-none-embed/8.2.0/../../../../riscv-none-embed/lib/rv32imacxw/ilp32\libnosys.a(lseek.o)
 .debug_frame   0x0000000000002040       0x20 d:/lestoredownload/mounriverstudio/mounriver/mounriver_studio/toolchain/risc-v embedded gcc/bin/../lib/gcc/riscv-none-embed/8.2.0/../../../../riscv-none-embed/lib/rv32imacxw/ilp32\libnosys.a(read.o)

.debug_loc      0x0000000000000000     0x4510
 .debug_loc     0x0000000000000000      0x33d ./User/main.o
 .debug_loc     0x000000000000033d       0xda ./User/system_ch32v30x.o
 .debug_loc     0x0000000000000417      0xab6 ./Peripheral/src/ch32v30x_adc.o
 .debug_loc     0x0000000000000ecd      0x19a ./Peripheral/src/ch32v30x_dma.o
 .debug_loc     0x0000000000001067      0x670 ./Peripheral/src/ch32v30x_gpio.o
 .debug_loc     0x00000000000016d7       0xce ./Peripheral/src/ch32v30x_misc.o
 .debug_loc     0x00000000000017a5      0xadb ./Peripheral/src/ch32v30x_rcc.o
 .debug_loc     0x0000000000002280     0x195e ./Peripheral/src/ch32v30x_tim.o
 .debug_loc     0x0000000000003bde      0x7bb ./Peripheral/src/ch32v30x_usart.o
 .debug_loc     0x0000000000004399      0x177 ./Debug/debug.o

.stab           0x0000000000000000       0x84
 .stab          0x0000000000000000       0x24 d:/lestoredownload/mounriverstudio/mounriver/mounriver_studio/toolchain/risc-v embedded gcc/bin/../lib/gcc/riscv-none-embed/8.2.0/../../../../riscv-none-embed/lib/rv32imacxw/ilp32\libnosys.a(close.o)
 .stab          0x0000000000000024       0x18 d:/lestoredownload/mounriverstudio/mounriver/mounriver_studio/toolchain/risc-v embedded gcc/bin/../lib/gcc/riscv-none-embed/8.2.0/../../../../riscv-none-embed/lib/rv32imacxw/ilp32\libnosys.a(fstat.o)
                                         0x24 (size before relaxing)
 .stab          0x000000000000003c       0x18 d:/lestoredownload/mounriverstudio/mounriver/mounriver_studio/toolchain/risc-v embedded gcc/bin/../lib/gcc/riscv-none-embed/8.2.0/../../../../riscv-none-embed/lib/rv32imacxw/ilp32\libnosys.a(isatty.o)
                                         0x24 (size before relaxing)
 .stab          0x0000000000000054       0x18 d:/lestoredownload/mounriverstudio/mounriver/mounriver_studio/toolchain/risc-v embedded gcc/bin/../lib/gcc/riscv-none-embed/8.2.0/../../../../riscv-none-embed/lib/rv32imacxw/ilp32\libnosys.a(lseek.o)
                                         0x24 (size before relaxing)
 .stab          0x000000000000006c       0x18 d:/lestoredownload/mounriverstudio/mounriver/mounriver_studio/toolchain/risc-v embedded gcc/bin/../lib/gcc/riscv-none-embed/8.2.0/../../../../riscv-none-embed/lib/rv32imacxw/ilp32\libnosys.a(read.o)
                                         0x24 (size before relaxing)

.stabstr        0x0000000000000000      0x117
 .stabstr       0x0000000000000000      0x117 d:/lestoredownload/mounriverstudio/mounriver/mounriver_studio/toolchain/risc-v embedded gcc/bin/../lib/gcc/riscv-none-embed/8.2.0/../../../../riscv-none-embed/lib/rv32imacxw/ilp32\libnosys.a(close.o)
